// Jest Snapshot v1, https://goo.gl/fbAQLP

exports[`Prueba del componente <GifGridItem /> Debe mostrar el componente correctamente 1`] = `
<div
  className="card animate__animated animate__backInRight"
>
  <img
    alt="Imagen para la prueba"
    src="https://imagenes.com/images.jpg"
  />
  <p>
    Imagen para la prueba
  </p>
</div>
`;
